<?xml version="1.0" encoding="utf-8"?><testsuites><testsuite name="pytest" errors="0" failures="0" skipped="0" tests="6" time="0.100" timestamp="2024-01-06T08:43:14.859083" hostname="DESKTOP-4B8E2OS"><testcase classname="test_isValidString" name="testIsValidString[()]" time="0.003" /><testcase classname="test_isValidString" name="testIsValidString[()[]{}]" time="0.001" /><testcase classname="test_isValidString" name="testIsInvalidString" time="0.001" /><testcase classname="test_isValidString" name="testThrowException" time="0.002" /><testcase classname="test_isValidString" name="testStringIsTooLong" time="0.002" /><testcase classname="test_isValidString" name="testStringIsTooShort" time="0.002" /></testsuite></testsuites>